最大打开文件=1024/1024
最大打开文件=1024/1024
设置最大打开文件=8192/8192
现在最大打开文件=8192/8192
openmax=8192
Starting WebMUD ...
[YSessionManager]starting accept longin ...
最大打开文件=1024/1024
设置最大打开文件=8192/8192
现在最大打开文件=8192/8192
openmax=8192
Starting WebMUD ...
[YSessionManager]starting accept longin ...
最大打开文件=1024/1024
设置最大打开文件=8192/8192
现在最大打开文件=8192/8192
openmax=8192
Starting WebMUD ...
[YSessionManager]starting accept longin ...
最大打开文件=1024/1024
设置最大打开文件=8192/8192
现在最大打开文件=8192/8192
openmax=8192
Starting WebMUD ...
[YSessionManager]starting accept longin ...
最大打开文件=1024/1024
设置最大打开文件=8192/8192
现在最大打开文件=8192/8192
openmax=8192
Starting WebMUD ...
[YSessionManager]starting accept longin ...
最大打开文件=1024/1024
设置最大打开文件=8192/8192
现在最大打开文件=8192/8192
openmax=8192
Starting WebMUD ...
[YSessionManager]starting accept longin ...
最大打开文件=1024/1024
设置最大打开文件=8192/8192
现在最大打开文件=8192/8192
openmax=8192
Starting WebMUD ...
[YSessionManager]starting accept longin ...
最大打开文件=1024/1024
最大打开文件=1024/1024
设置最大打开文件=8192/8192
现在最大打开文件=8192/8192
openmax=8192
Starting WebMUD ...
[YSessionManager]starting accept longin ...
最大打开文件=1024/1024
设置最大打开文件=8192/8192
现在最大打开文件=8192/8192
openmax=8192
Starting WebMUD ...
[YSessionManager]starting accept longin ...
最大打开文件=1024/1024
设置最大打开文件=8192/8192
现在最大打开文件=8192/8192
openmax=8192
Starting WebMUD ...
[YSessionManager]starting accept longin ...
最大打开文件=1024/1024
设置最大打开文件=8192/8192
现在最大打开文件=8192/8192
openmax=8192
Starting WebMUD ...
[YSessionManager]starting accept longin ...
最大打开文件=1024/1024
设置最大打开文件=8192/8192
现在最大打开文件=8192/8192
openmax=8192
Starting WebMUD ...
[YSessionManager]starting accept longin ...
最大打开文件=1024/1024
设置最大打开文件=8192/8192
现在最大打开文件=8192/8192
openmax=8192
Starting WebMUD ...
[YSessionManager]starting accept longin ...
最大打开文件=1024/1024
设置最大打开文件=8192/8192
现在最大打开文件=8192/8192
openmax=8192
Starting WebMUD ...
[YSessionManager]starting accept longin ...
最大打开文件=1024/1024
设置最大打开文件=8192/8192
现在最大打开文件=8192/8192
openmax=8192
Starting WebMUD ...
[YSessionManager]starting accept longin ...
最大打开文件=1024/1024
设置最大打开文件=8192/8192
现在最大打开文件=8192/8192
openmax=8192
Starting WebMUD ...
[YSessionManager]starting accept longin ...
最大打开文件=1024/1024
设置最大打开文件=8192/8192
现在最大打开文件=8192/8192
openmax=8192
Starting WebMUD ...
[YSessionManager]starting accept longin ...
最大打开文件=1024/1024
设置最大打开文件=8192/8192
现在最大打开文件=8192/8192
openmax=8192
Starting WebMUD ...
[YSessionManager]starting accept longin ...
最大打开文件=1024/1024
设置最大打开文件=8192/8192
现在最大打开文件=8192/8192
openmax=8192
Starting WebMUD ...
[YSessionManager]starting accept longin ...
最大打开文件=1024/1024
最大打开文件=1024/1024
设置最大打开文件=8192/8192
现在最大打开文件=8192/8192
openmax=8192
Starting WebMUD ...
[YSessionManager]starting accept longin ...
最大打开文件=1024/1024
设置最大打开文件=8192/8192
现在最大打开文件=8192/8192
openmax=8192
Starting WebMUD ...
[YSessionManager]starting accept longin ...
最大打开文件=1024/1024
最大打开文件=1024/1024
设置最大打开文件=8192/8192
现在最大打开文件=8192/8192
openmax=8192
Starting WebMUD ...
[YSessionManager]starting accept longin ...
最大打开文件=1024/1024
设置最大打开文件=8192/8192
现在最大打开文件=8192/8192
openmax=8192
Starting WebMUD ...
[YSessionManager]starting accept longin ...
最大打开文件=1024/1024
设置最大打开文件=8192/8192
现在最大打开文件=8192/8192
openmax=8192
Starting WebMUD ...
[YSessionManager]starting accept longin ...
最大打开文件=1024/1024
最大打开文件=1024/1024
最大打开文件=1024/1024
设置最大打开文件=8192/8192
现在最大打开文件=8192/8192
openmax=8192
Starting WebMUD ...
[YSessionManager]starting accept longin ...
最大打开文件=1024/1024
最大打开文件=1024/1024
设置最大打开文件=8192/8192
现在最大打开文件=8192/8192
openmax=8192
Starting WebMUD ...
[YSessionManager]starting accept longin ...
最大打开文件=1024/1024
最大打开文件=1024/1024
设置最大打开文件=8192/8192
现在最大打开文件=8192/8192
openmax=8192
Starting WebMUD ...
[YSessionManager]starting accept longin ...
最大打开文件=1024/1024
设置最大打开文件=8192/8192
现在最大打开文件=8192/8192
openmax=8192
Starting WebMUD ...
[YSessionManager]starting accept longin ...
最大打开文件=1024/1024
设置最大打开文件=8192/8192
现在最大打开文件=8192/8192
openmax=8192
Starting WebMUD ...
最大打开文件=1024/1024
最大打开文件=1024/1024
最大打开文件=1024/1024
设置最大打开文件=8192/8192
现在最大打开文件=8192/8192
openmax=8192
Starting WebMUD ...
[YSessionManager]starting accept longin ...
